---
http_interactions:
- request:
    method: get
    uri: http://unix/v1.16/containers/1111111111111111111111111111111111111111111111111111111111111111/json
    body:
      encoding: US-ASCII
      string: ''
    headers:
      User-Agent:
      - Swipely/Docker-API 1.21.4
      Content-Type:
      - text/plain
  response:
    status:
      code: 404
      message: ''
    headers:
      Content-Type:
      - text/plain; charset=utf-8
      Date:
      - Thu, 07 May 2015 14:37:37 GMT
      Content-Length:
      - '77'
    body:
      encoding: UTF-8
      string: |
        no such id: 1111111111111111111111111111111111111111111111111111111111111111
    http_version: 
  recorded_at: Thu, 07 May 2015 14:37:37 GMT
- request:
    method: get
    uri: http://unix/v1.16/containers/1111111111111111111111111111111111111111111111111111111111111111/json
    body:
      encoding: US-ASCII
      string: ''
    headers:
      User-Agent:
      - Swipely/Docker-API 1.21.4
      Content-Type:
      - text/plain
  response:
    status:
      code: 404
      message: ''
    headers:
      Content-Type:
      - text/plain; charset=utf-8
      Date:
      - Thu, 07 May 2015 14:37:37 GMT
      Content-Length:
      - '77'
    body:
      encoding: UTF-8
      string: |
        no such id: 1111111111111111111111111111111111111111111111111111111111111111
    http_version: 
  recorded_at: Thu, 07 May 2015 14:37:37 GMT
- request:
    method: get
    uri: http://unix/v1.16/containers/1111111111111111111111111111111111111111111111111111111111111111/json
    body:
      encoding: US-ASCII
      string: ''
    headers:
      User-Agent:
      - Swipely/Docker-API 1.21.4
      Content-Type:
      - text/plain
  response:
    status:
      code: 404
      message: ''
    headers:
      Content-Type:
      - text/plain; charset=utf-8
      Date:
      - Thu, 07 May 2015 14:37:37 GMT
      Content-Length:
      - '77'
    body:
      encoding: UTF-8
      string: |
        no such id: 1111111111111111111111111111111111111111111111111111111111111111
    http_version: 
  recorded_at: Thu, 07 May 2015 14:37:37 GMT
- request:
    method: get
    uri: http://unix/v1.16/containers/1111111111111111111111111111111111111111111111111111111111111111/json
    body:
      encoding: US-ASCII
      string: ''
    headers:
      User-Agent:
      - Swipely/Docker-API 1.21.4
      Content-Type:
      - text/plain
  response:
    status:
      code: 404
      message: ''
    headers:
      Content-Type:
      - text/plain; charset=utf-8
      Date:
      - Thu, 07 May 2015 14:37:37 GMT
      Content-Length:
      - '77'
    body:
      encoding: UTF-8
      string: |
        no such id: 1111111111111111111111111111111111111111111111111111111111111111
    http_version: 
  recorded_at: Thu, 07 May 2015 14:37:37 GMT
recorded_with: VCR 2.9.3
